{
  "description": "a function source with MixedCase name",
  "name": "fnc_Mixed_Name",
  "tilejson": "3.0.0",
  "tiles": [
    "http://localhost:3111/fnc_Mixed_Name/{z}/{x}/{y}"
  ],
  "vector_layers": [
    {
      "fields": {
        "Geom": "",
        "TABLE": ""
      },
      "id": "MixedCase.fnc_Mixed_Name"
    }
  ]
}
