tests/output/configured/style_maplibre_demo_1_0_0.png: PNG image data, 512 x 512, 8-bit/color RGBA, non-interlaced
