MBTiles file summary for tests/mbtiles_temp_files/cp_normalized.mbtiles
Schema: normalized
Page size: 512B

 Zoom |   Count   | Smallest  |  Largest  |  Average  | Bounding Box
    0 |         1 |    20.7kB |    20.7kB |    20.7kB | -180,-85,180,85
    1 |         4 |    11.8kB |    20.6kB |    16.4kB | -180,-85,180,85
  all |         5 |    11.8kB |    20.7kB |    17.2kB | -180,-85,180,85
